// Jest Snapshot v1, https://goo.gl/fbAQLP

exports[`MarkdownRenderer groupByCategory group commits by category 1`] = `
Array [
  Object {
    "commits": Array [
      Object {
        "categories": Array [
          ":rocket: New Feature",
        ],
        "commitSHA": "a0000003",
      },
    ],
    "name": ":rocket: New Feature",
  },
  Object {
    "commits": Array [],
    "name": ":boom: Breaking Change",
  },
  Object {
    "commits": Array [
      Object {
        "categories": Array [
          ":bug: Bug Fix",
        ],
        "commitSHA": "a0000004",
      },
      Object {
        "categories": Array [
          ":bug: Bug Fix",
        ],
        "commitSHA": "a0000001",
      },
    ],
    "name": ":bug: Bug Fix",
  },
  Object {
    "commits": Array [],
    "name": ":nail_care: Enhancement",
  },
  Object {
    "commits": Array [],
    "name": ":memo: Documentation",
  },
  Object {
    "commits": Array [],
    "name": ":house: Maintenance",
  },
]
`;

exports[`MarkdownRenderer renderContributionList renders a list of contributions 1`] = `
"* My cool PR. ([@hzoo](http://hzoo.com))
* [#42](http://github.com/42) My cool PR. ([@hzoo](http://hzoo.com))"
`;

exports[`MarkdownRenderer renderContributorList renders a list of GitHub users 1`] = `
"#### Committers: 2
- Tobias Bieniek ([@Turbo87](https://github.com/Turbo87))
- [@hzoo](https://github.com/hzoo)"
`;
